Archive member included to satisfy reference by file (symbol)

D:/software/stm32cube/stm32/STM32CubeIDE_1.16.1/STM32CubeIDE_1.18.1/STM32CubeIDE/plugins/com.st.stm32cube.ide.mcu.externaltools.gnu-tools-for-stm32.13.3.rel1.win32_1.0.0.202411081344/tools/bin/../lib/gcc/arm-none-eabi/13.3.1/../../../../arm-none-eabi/lib/thumb/v7-m/nofp\libc_nano.a(libc_a-exit.o)
                              D:/software/stm32cube/stm32/STM32CubeIDE_1.16.1/STM32CubeIDE_1.18.1/STM32CubeIDE/plugins/com.st.stm32cube.ide.mcu.externaltools.gnu-tools-for-stm32.13.3.rel1.win32_1.0.0.202411081344/tools/bin/../lib/gcc/arm-none-eabi/13.3.1/../../../../arm-none-eabi/lib/thumb/v7-m/nofp/crt0.o (exit)
D:/software/stm32cube/stm32/STM32CubeIDE_1.16.1/STM32CubeIDE_1.18.1/STM32CubeIDE/plugins/com.st.stm32cube.ide.mcu.externaltools.gnu-tools-for-stm32.13.3.rel1.win32_1.0.0.202411081344/tools/bin/../lib/gcc/arm-none-eabi/13.3.1/../../../../arm-none-eabi/lib/thumb/v7-m/nofp\libc_nano.a(libc_a-findfp.o)
                              D:/software/stm32cube/stm32/STM32CubeIDE_1.16.1/STM32CubeIDE_1.18.1/STM32CubeIDE/plugins/com.st.stm32cube.ide.mcu.externaltools.gnu-tools-for-stm32.13.3.rel1.win32_1.0.0.202411081344/tools/bin/../lib/gcc/arm-none-eabi/13.3.1/../../../../arm-none-eabi/lib/thumb/v7-m/nofp\libc_nano.a(libc_a-exit.o) (__stdio_exit_handler)
D:/software/stm32cube/stm32/STM32CubeIDE_1.16.1/STM32CubeIDE_1.18.1/STM32CubeIDE/plugins/com.st.stm32cube.ide.mcu.externaltools.gnu-tools-for-stm32.13.3.rel1.win32_1.0.0.202411081344/tools/bin/../lib/gcc/arm-none-eabi/13.3.1/../../../../arm-none-eabi/lib/thumb/v7-m/nofp\libc_nano.a(libc_a-fwalk.o)
                              D:/software/stm32cube/stm32/STM32CubeIDE_1.16.1/STM32CubeIDE_1.18.1/STM32CubeIDE/plugins/com.st.stm32cube.ide.mcu.externaltools.gnu-tools-for-stm32.13.3.rel1.win32_1.0.0.202411081344/tools/bin/../lib/gcc/arm-none-eabi/13.3.1/../../../../arm-none-eabi/lib/thumb/v7-m/nofp\libc_nano.a(libc_a-findfp.o) (_fwalk_sglue)
D:/software/stm32cube/stm32/STM32CubeIDE_1.16.1/STM32CubeIDE_1.18.1/STM32CubeIDE/plugins/com.st.stm32cube.ide.mcu.externaltools.gnu-tools-for-stm32.13.3.rel1.win32_1.0.0.202411081344/tools/bin/../lib/gcc/arm-none-eabi/13.3.1/../../../../arm-none-eabi/lib/thumb/v7-m/nofp\libc_nano.a(libc_a-stdio.o)
                              D:/software/stm32cube/stm32/STM32CubeIDE_1.16.1/STM32CubeIDE_1.18.1/STM32CubeIDE/plugins/com.st.stm32cube.ide.mcu.externaltools.gnu-tools-for-stm32.13.3.rel1.win32_1.0.0.202411081344/tools/bin/../lib/gcc/arm-none-eabi/13.3.1/../../../../arm-none-eabi/lib/thumb/v7-m/nofp\libc_nano.a(libc_a-findfp.o) (__sread)
D:/software/stm32cube/stm32/STM32CubeIDE_1.16.1/STM32CubeIDE_1.18.1/STM32CubeIDE/plugins/com.st.stm32cube.ide.mcu.externaltools.gnu-tools-for-stm32.13.3.rel1.win32_1.0.0.202411081344/tools/bin/../lib/gcc/arm-none-eabi/13.3.1/../../../../arm-none-eabi/lib/thumb/v7-m/nofp\libc_nano.a(libc_a-memset.o)
                              D:/software/stm32cube/stm32/STM32CubeIDE_1.16.1/STM32CubeIDE_1.18.1/STM32CubeIDE/plugins/com.st.stm32cube.ide.mcu.externaltools.gnu-tools-for-stm32.13.3.rel1.win32_1.0.0.202411081344/tools/bin/../lib/gcc/arm-none-eabi/13.3.1/../../../../arm-none-eabi/lib/thumb/v7-m/nofp/crt0.o (memset)
D:/software/stm32cube/stm32/STM32CubeIDE_1.16.1/STM32CubeIDE_1.18.1/STM32CubeIDE/plugins/com.st.stm32cube.ide.mcu.externaltools.gnu-tools-for-stm32.13.3.rel1.win32_1.0.0.202411081344/tools/bin/../lib/gcc/arm-none-eabi/13.3.1/../../../../arm-none-eabi/lib/thumb/v7-m/nofp\libc_nano.a(libc_a-closer.o)
                              D:/software/stm32cube/stm32/STM32CubeIDE_1.16.1/STM32CubeIDE_1.18.1/STM32CubeIDE/plugins/com.st.stm32cube.ide.mcu.externaltools.gnu-tools-for-stm32.13.3.rel1.win32_1.0.0.202411081344/tools/bin/../lib/gcc/arm-none-eabi/13.3.1/../../../../arm-none-eabi/lib/thumb/v7-m/nofp\libc_nano.a(libc_a-stdio.o) (_close_r)
D:/software/stm32cube/stm32/STM32CubeIDE_1.16.1/STM32CubeIDE_1.18.1/STM32CubeIDE/plugins/com.st.stm32cube.ide.mcu.externaltools.gnu-tools-for-stm32.13.3.rel1.win32_1.0.0.202411081344/tools/bin/../lib/gcc/arm-none-eabi/13.3.1/../../../../arm-none-eabi/lib/thumb/v7-m/nofp\libc_nano.a(libc_a-reent.o)
                              D:/software/stm32cube/stm32/STM32CubeIDE_1.16.1/STM32CubeIDE_1.18.1/STM32CubeIDE/plugins/com.st.stm32cube.ide.mcu.externaltools.gnu-tools-for-stm32.13.3.rel1.win32_1.0.0.202411081344/tools/bin/../lib/gcc/arm-none-eabi/13.3.1/../../../../arm-none-eabi/lib/thumb/v7-m/nofp\libc_nano.a(libc_a-closer.o) (errno)
D:/software/stm32cube/stm32/STM32CubeIDE_1.16.1/STM32CubeIDE_1.18.1/STM32CubeIDE/plugins/com.st.stm32cube.ide.mcu.externaltools.gnu-tools-for-stm32.13.3.rel1.win32_1.0.0.202411081344/tools/bin/../lib/gcc/arm-none-eabi/13.3.1/../../../../arm-none-eabi/lib/thumb/v7-m/nofp\libc_nano.a(libc_a-impure.o)
[...]
Memory Configuration

Name             Origin             Length             Attributes
RAM              0x20000000         0x00005000         xrw
FLASH            0x08000000         0x00010000         xr
*default*        0x00000000         0xffffffff

Linker script and memory map

LOAD D:/software/stm32cube/stm32/STM32CubeIDE_1.16.1/STM32CubeIDE_1.18.1/STM32CubeIDE/plugins/com.st.stm32cube.ide.mcu.externaltools.gnu-tools-for-stm32.13.3.rel1.win32_1.0.0.202411081344/tools/bin/../lib/gcc/arm-none-eabi/13.3.1/thumb/v7-m/nofp/crti.o
LOAD D:/software/stm32cube/stm32/STM32CubeIDE_1.16.1/STM32CubeIDE_1.18.1/STM32CubeIDE/plugins/com.st.stm32cube.ide.mcu.externaltools.gnu-tools-for-stm32.13.3.rel1.win32_1.0.0.202411081344/tools/bin/../lib/gcc/arm-none-eabi/13.3.1/thumb/v7-m/nofp/crtbegin.o
LOAD D:/software/stm32cube/stm32/STM32CubeIDE_1.16.1/STM32CubeIDE_1.18.1/STM32CubeIDE/plugins/com.st.stm32cube.ide.mcu.externaltools.gnu-tools-for-stm32.13.3.rel1.win32_1.0.0.202411081344/tools/bin/../lib/gcc/arm-none-eabi/13.3.1/../../../../arm-none-eabi/lib/thumb/v7-m/nofp/crt0.o
LOAD ./Core/Src/car_pwm.o
LOAD ./Core/Src/dma.o
LOAD ./Core/Src/gpio.o
LOAD ./Core/Src/main.o
LOAD ./Core/Src/pwm.o
LOAD ./Core/Src/serial.o
LOAD ./Core/Src/servo_pwm.o
LOAD ./Core/Src/stm32f1xx_hal_msp.o
LOAD ./Core/Src/stm32f1xx_it.o
LOAD ./Core/Src/syscalls.o
LOAD ./Core/Src/sysmem.o
LOAD ./Core/Src/system_stm32f1xx.o
LOAD ./Core/Src/tim.o
LOAD ./Core/Src/usart.o
LOAD ./Core/Startup/startup_stm32f103c8tx.o
LOAD ./Drivers/STM32F1xx_HAL_Driver/Src/stm32f1xx_hal.o
LOAD ./Drivers/STM32F1xx_HAL_Driver/Src/stm32f1xx_hal_cortex.o
LOAD ./Drivers/STM32F1xx_HAL_Driver/Src/stm32f1xx_hal_dma.o
LOAD ./Drivers/STM32F1xx_HAL_Driver/Src/stm32f1xx_hal_exti.o
LOAD ./Drivers/STM32F1xx_HAL_Driver/Src/stm32f1xx_hal_flash.o
LOAD ./Drivers/STM32F1xx_HAL_Driver/Src/stm32f1xx_hal_flash_ex.o
LOAD ./Drivers/STM32F1xx_HAL_Driver/Src/stm32f1xx_hal_gpio.o
LOAD ./Drivers/STM32F1xx_HAL_Driver/Src/stm32f1xx_hal_gpio_ex.o
LOAD ./Drivers/STM32F1xx_HAL_Driver/Src/stm32f1xx_hal_pwr.o
LOAD ./Drivers/STM32F1xx_HAL_Driver/Src/stm32f1xx_hal_rcc.o
LOAD ./Drivers/STM32F1xx_HAL_Driver/Src/stm32f1xx_hal_rcc_ex.o
LOAD ./Drivers/STM32F1xx_HAL_Driver/Src/stm32f1xx_hal_tim.o
LOAD ./Drivers/STM32F1xx_HAL_Driver/Src/stm32f1xx_hal_tim_ex.o
LOAD ./Drivers/STM32F1xx_HAL_Driver/Src/stm32f1xx_hal_uart.o
START GROUP
LOAD D:/software/stm32cube/stm32/STM32CubeIDE_1.16.1/STM32CubeIDE_1.18.1/STM32CubeIDE/plugins/com.st.stm32cube.ide.mcu.externaltools.gnu-tools-for-stm32.13.3.rel1.win32_1.0.0.202411081344/tools/bin/../lib/gcc/arm-none-eabi/13.3.1/../../../../arm-none-eabi/lib/thumb/v7-m/nofp\libc_nano.a
LOAD D:/software/stm32cube/stm32/STM32CubeIDE_1.16.1/STM32CubeIDE_1.18.1/STM32CubeIDE/plugins/com.st.stm32cube.ide.mcu.externaltools.gnu-tools-for-stm32.13.3.rel1.win32_1.0.0.202411081344/tools/bin/../lib/gcc/arm-none-eabi/13.3.1/../../../../arm-none-eabi/lib/thumb/v7-m/nofp\libm.a
END GROUP
START GROUP
LOAD D:/software/stm32cube/stm32/STM32CubeIDE_1.16.1/STM32CubeIDE_1.18.1/STM32CubeIDE/plugins/com.st.stm32cube.ide.mcu.externaltools.gnu-tools-for-stm32.13.3.rel1.win32_1.0.0.202411081344/tools/bin/../lib/gcc/arm-none-eabi/13.3.1/thumb/v7-m/nofp\libgcc.a
LOAD D:/software/stm32cube/stm32/STM32CubeIDE_1.16.1/STM32CubeIDE_1.18.1/STM32CubeIDE/plugins/com.st.stm32cube.ide.mcu.externaltools.gnu-tools-for-stm32.13.3.rel1.win32_1.0.0.202411081344/tools/bin/../lib/gcc/arm-none-eabi/13.3.1/../../../../arm-none-eabi/lib/thumb/v7-m/nofp\libc_nano.a
END GROUP
START GROUP
LOAD D:/software/stm32cube/stm32/STM32CubeIDE_1.16.1/STM32CubeIDE_1.18.1/STM32CubeIDE/plugins/com.st.stm32cube.ide.mcu.externaltools.gnu-tools-for-stm32.13.3.rel1.win32_1.0.0.202411081344/tools/bin/../lib/gcc/arm-none-eabi/13.3.1/thumb/v7-m/nofp\libgcc.a
LOAD D:/software/stm32cube/stm32/STM32CubeIDE_1.16.1/STM32CubeIDE_1.18.1/STM32CubeIDE/plugins/com.st.stm32cube.ide.mcu.externaltools.gnu-tools-for-stm32.13.3.rel1.win32_1.0.0.202411081344/tools/bin/../lib/gcc/arm-none-eabi/13.3.1/../../../../arm-none-eabi/lib/thumb/v7-m/nofp\libc_nano.a
LOAD D:/software/stm32cube/stm32/STM32CubeIDE_1.16.1/STM32CubeIDE_1.18.1/STM32CubeIDE/plugins/com.st.stm32cube.ide.mcu.externaltools.gnu-tools-for-stm32.13.3.rel1.win32_1.0.0.202411081344/tools/bin/../lib/gcc/arm-none-eabi/13.3.1/../../../../arm-none-eabi/lib/thumb/v7-m/nofp\libnosys.a
END GROUP
START GROUP
LOAD D:/software/stm32cube/stm32/STM32CubeIDE_1.16.1/STM32CubeIDE_1.18.1/STM32CubeIDE/plugins/com.st.stm32cube.ide.mcu.externaltools.gnu-tools-for-stm32.13.3.rel1.win32_1.0.0.202411081344/tools/bin/../lib/gcc/arm-none-eabi/13.3.1/thumb/v7-m/nofp\libgcc.a
LOAD D:/software/stm32cube/stm32/STM32CubeIDE_1.16.1/STM32CubeIDE_1.18.1/STM32CubeIDE/plugins/com.st.stm32cube.ide.mcu.externaltools.gnu-tools-for-stm32.13.3.rel1.win32_1.0.0.202411081344/tools/bin/../lib/gcc/arm-none-eabi/13.3.1/../../../../arm-none-eabi/lib/thumb/v7-m/nofp\libc_nano.a
LOAD D:/software/stm32cube/stm32/STM32CubeIDE_1.16.1/STM32CubeIDE_1.18.1/STM32CubeIDE/plugins/com.st.stm32cube.ide.mcu.externaltools.gnu-tools-for-stm32.13.3.rel1.win32_1.0.0.202411081344/tools/bin/../lib/gcc/arm-none-eabi/13.3.1/../../../../arm-none-eabi/lib/thumb/v7-m/nofp\libnosys.a
END GROUP
LOAD D:/software/stm32cube/stm32/STM32CubeIDE_1.16.1/STM32CubeIDE_1.18.1/STM32CubeIDE/plugins/com.st.stm32cube.ide.mcu.externaltools.gnu-tools-for-stm32.13.3.rel1.win32_1.0.0.202411081344/tools/bin/../lib/gcc/arm-none-eabi/13.3.1/thumb/v7-m/nofp/crtend.o
LOAD D:/software/stm32cube/stm32/STM32CubeIDE_1.16.1/STM32CubeIDE_1.18.1/STM32CubeIDE/plugins/com.st.stm32cube.ide.mcu.externaltools.gnu-tools-for-stm32.13.3.rel1.win32_1.0.0.202411081344/tools/bin/../lib/gcc/arm-none-eabi/13.3.1/thumb/v7-m/nofp/crtn.o
                0x20005000                        _estack = (ORIGIN (RAM) + LENGTH (RAM))
                0x00000200                        _Min_Heap_Size = 0x200
                0x00000400                        _Min_Stack_Size = 0x400

.isr_vector     0x08000000      0x10c
                0x08000000                        . = ALIGN (0x4)
 *(.isr_vector)
 .isr_vector    0x08000000      0x10c ./Core/Startup/startup_stm32f103c8tx.o
                0x08000000                g_pfnVectors
                0x0800010c                        . = ALIGN (0x4)

.text           0x0800010c     0x3ba0
                0x0800010c                        . = ALIGN (0x4)
 *(.text)
 .text          0x0800010c       0x40 D:/software/stm32cube/stm32/STM32CubeIDE_1.16.1/STM32CubeIDE_1.18.1/STM32CubeIDE/plugins/com.st.stm32cube.ide.mcu.externaltools.gnu-tools-for-stm32.13.3.rel1.win32_1.0.0.202411081344/tools/bin/../lib/gcc/arm-none-eabi/13.3.1/thumb/v7-m/nofp/crtbegin.o
 *(.text*)
 .text.MX_DMA_Init
                0x0800014c       0x4c ./Core/Src/dma.o
                0x0800014c                MX_DMA_Init
 .text.MX_GPIO_Init
                0x08000198      0x194 ./Core/Src/gpio.o
                0x08000198                MX_GPIO_Init
 .text.main     0x0800032c       0x68 ./Core/Src/main.o
                0x0800032c                main
 .text.SystemClock_Config
                0x08000394       0x8a ./Core/Src/main.o
                0x08000394                SystemClock_Config
 .text.HAL_TIM_PeriodElapsedCallback
                0x0800041e       0x12 ./Core/Src/main.o
                0x0800041e                HAL_TIM_PeriodElapsedCallback
 .text.Error_Handler
                0x08000430        0xc ./Core/Src/main.o
                0x08000430                Error_Handler
 .text.serial_init
                0x0800043c       0x1c ./Core/Src/serial.o
                0x0800043c                serial_init
 .text.HAL_UART_TxCpltCallback
                0x08000458       0x30 ./Core/Src/serial.o
                0x08000458                HAL_UART_TxCpltCallback
 .text.HAL_UART_RxCpltCallback
                0x08000488       0x12 ./Core/Src/serial.o
                0x08000488                HAL_UART_RxCpltCallback
 *fill*         0x0800049a        0x2 
 .text.Servo_PWM_Set
                0x0800049c       0x20 ./Core/Src/servo_pwm.o
                0x0800049c                Servo_PWM_Set
 .text.HAL_MspInit
                0x080004bc       0x64 ./Core/Src/stm32f1xx_hal_msp.o
                0x080004bc                HAL_MspInit
 .text.NMI_Handler
                0x08000520        0x8 ./Core/Src/stm32f1xx_it.o
                0x08000520                NMI_Handler
 .text.HardFault_Handler
                0x08000528        0x8 ./Core/Src/stm32f1xx_it.o
                0x08000528                HardFault_Handler
 .text.MemManage_Handler
                0x08000530        0x8 ./Core/Src/stm32f1xx_it.o
                0x08000530                MemManage_Handler
 .text.BusFault_Handler
                0x08000538        0x8 ./Core/Src/stm32f1xx_it.o
                0x08000538                BusFault_Handler
 .text.UsageFault_Handler
                0x08000540        0x8 ./Core/Src/stm32f1xx_it.o
                0x08000540                UsageFault_Handler
 .text.SVC_Handler
                0x08000548        0xc ./Core/Src/stm32f1xx_it.o
                0x08000548                SVC_Handler
 .text.DebugMon_Handler
                0x08000554        0xc ./Core/Src/stm32f1xx_it.o
                0x08000554                DebugMon_Handler
 .text.PendSV_Handler
                0x08000560        0xc ./Core/Src/stm32f1xx_it.o
                0x08000560                PendSV_Handler
 .text.SysTick_Handler
                0x0800056c        0xc ./Core/Src/stm32f1xx_it.o
                0x0800056c                SysTick_Handler
 .text.DMA1_Channel4_IRQHandler
                0x08000578       0x14 ./Core/Src/stm32f1xx_it.o
                0x08000578                DMA1_Channel4_IRQHandler
 .text.DMA1_Channel5_IRQHandler
                0x0800058c       0x14 ./Core/Src/stm32f1xx_it.o
                0x0800058c                DMA1_Channel5_IRQHandler
 .text.TIM2_IRQHandler
                0x080005a0       0x14 ./Core/Src/stm32f1xx_it.o
                0x080005a0                TIM2_IRQHandler
 .text.TIM3_IRQHandler
                0x080005b4       0x14 ./Core/Src/stm32f1xx_it.o
                0x080005b4                TIM3_IRQHandler
 .text.USART1_IRQHandler
                0x080005c8       0x14 ./Core/Src/stm32f1xx_it.o
                0x080005c8                USART1_IRQHandler
 .text.SystemInit
                0x080005dc        0xc ./Core/Src/system_stm32f1xx.o
                0x080005dc                SystemInit
 .text.MX_TIM2_Init
                0x080005e8       0x98 ./Core/Src/tim.o
                0x080005e8                MX_TIM2_Init
 .text.MX_TIM3_Init
                0x08000680       0xec ./Core/Src/tim.o
                0x08000680                MX_TIM3_Init
 .text.HAL_TIM_Base_MspInit
                0x0800076c       0x80 ./Core/Src/tim.o
                0x0800076c                HAL_TIM_Base_MspInit
 .text.HAL_TIM_MspPostInit
                0x080007ec       0x64 ./Core/Src/tim.o
                0x080007ec                HAL_TIM_MspPostInit
 .text.MX_USART1_UART_Init
                0x08000850       0x54 ./Core/Src/usart.o
                0x08000850                MX_USART1_UART_Init
 .text.HAL_UART_MspInit
                0x080008a4      0x158 ./Core/Src/usart.o
                0x080008a4                HAL_UART_MspInit
 .text.Reset_Handler
                0x080009fc       0x48 ./Core/Startup/startup_stm32f103c8tx.o
                0x080009fc                Reset_Handler
 .text.Default_Handler
                0x08000a44        0x2 ./Core/Startup/startup_stm32f103c8tx.o
                0x08000a44                RTC_Alarm_IRQHandler
                0x08000a44                EXTI2_IRQHandler
                0x08000a44                TIM1_CC_IRQHandler
                0x08000a44                PVD_IRQHandler
                0x08000a44                EXTI3_IRQHandler
                0x08000a44                EXTI0_IRQHandler
                0x08000a44                I2C2_EV_IRQHandler
                0x08000a44                ADC1_2_IRQHandler
                0x08000a44                SPI1_IRQHandler
                0x08000a44                TAMPER_IRQHandler
                0x08000a44                USART3_IRQHandler
                0x08000a44                RTC_IRQHandler
                0x08000a44                DMA1_Channel7_IRQHandler
                0x08000a44                CAN1_RX1_IRQHandler
                0x08000a44                TIM4_IRQHandler
                0x08000a44                I2C1_EV_IRQHandler
                0x08000a44                DMA1_Channel6_IRQHandler
                0x08000a44                RCC_IRQHandler
                0x08000a44                TIM1_TRG_COM_IRQHandler
                0x08000a44                DMA1_Channel1_IRQHandler
                0x08000a44                Default_Handler
                0x08000a44                EXTI15_10_IRQHandler
                0x08000a44                EXTI9_5_IRQHandler
                0x08000a44                SPI2_IRQHandler
                0x08000a44                EXTI4_IRQHandler
                0x08000a44                USB_LP_CAN1_RX0_IRQHandler
                0x08000a44                USB_HP_CAN1_TX_IRQHandler
                0x08000a44                DMA1_Channel3_IRQHandler
                0x08000a44                TIM1_UP_IRQHandler
                0x08000a44                WWDG_IRQHandler
                0x08000a44                TIM1_BRK_IRQHandler
                0x08000a44                EXTI1_IRQHandler
                0x08000a44                USART2_IRQHandler
                0x08000a44                I2C2_ER_IRQHandler
                0x08000a44                DMA1_Channel2_IRQHandler
                0x08000a44                CAN1_SCE_IRQHandler
                0x08000a44                FLASH_IRQHandler
                0x08000a44                I2C1_ER_IRQHandler
                0x08000a44                USBWakeUp_IRQHandler
 *fill*         0x08000a46        0x2 
 .text.HAL_Init
                0x08000a48       0x2c ./Drivers/STM32F1xx_HAL_Driver/Src/stm32f1xx_hal.o
                0x08000a48                HAL_Init
 .text.HAL_InitTick
                0x08000a74       0x60 ./Drivers/STM32F1xx_HAL_Driver/Src/stm32f1xx_hal.o
                0x08000a74                HAL_InitTick
 .text.HAL_IncTick
                0x08000ad4       0x24 ./Drivers/STM32F1xx_HAL_Driver/Src/stm32f1xx_hal.o
                0x08000ad4                HAL_IncTick
 .text.HAL_GetTick
                0x08000af8       0x14 ./Drivers/STM32F1xx_HAL_Driver/Src/stm32f1xx_hal.o
                0x08000af8                HAL_GetTick
 .text.__NVIC_SetPriorityGrouping
                0x08000b0c       0x48 ./Drivers/STM32F1xx_HAL_Driver/Src/stm32f1xx_hal_cortex.o
 .text.__NVIC_GetPriorityGrouping
                0x08000b54       0x1c ./Drivers/STM32F1xx_HAL_Driver/Src/stm32f1xx_hal_cortex.o
 .text.__NVIC_EnableIRQ
                0x08000b70       0x38 ./Drivers/STM32F1xx_HAL_Driver/Src/stm32f1xx_hal_cortex.o
 .text.__NVIC_SetPriority
                0x08000ba8       0x54 ./Drivers/STM32F1xx_HAL_Driver/Src/stm32f1xx_hal_cortex.o
 .text.NVIC_EncodePriority
                0x08000bfc       0x64 ./Drivers/STM32F1xx_HAL_Driver/Src/stm32f1xx_hal_cortex.o
 .text.SysTick_Config
                0x08000c60       0x44 ./Drivers/STM32F1xx_HAL_Driver/Src/stm32f1xx_hal_cortex.o
 .text.HAL_NVIC_SetPriorityGrouping
                0x08000ca4       0x16 ./Drivers/STM32F1xx_HAL_Driver/Src/stm32f1xx_hal_cortex.o
                0x08000ca4                HAL_NVIC_SetPriorityGrouping
 .text.HAL_NVIC_SetPriority
                0x08000cba       0x38 ./Drivers/STM32F1xx_HAL_Driver/Src/stm32f1xx_hal_cortex.o
                0x08000cba                HAL_NVIC_SetPriority
 .text.HAL_NVIC_EnableIRQ
                0x08000cf2       0x1c ./Drivers/STM32F1xx_HAL_Driver/Src/stm32f1xx_hal_cortex.o
                0x08000cf2                HAL_NVIC_EnableIRQ
 .text.HAL_SYSTICK_Config
                0x08000d0e       0x18 ./Drivers/STM32F1xx_HAL_Driver/Src/stm32f1xx_hal_cortex.o
                0x08000d0e                HAL_SYSTICK_Config
 *fill*         0x08000d26        0x2 
 .text.HAL_DMA_Init
                0x08000d28       0xb4 ./Drivers/STM32F1xx_HAL_Driver/Src/stm32f1xx_hal_dma.o
                0x08000d28                HAL_DMA_Init
 .text.HAL_DMA_Start_IT
                0x08000ddc       0xc0 ./Drivers/STM32F1xx_HAL_Driver/Src/stm32f1xx_hal_dma.o
                0x08000ddc                HAL_DMA_Start_IT
 .text.HAL_DMA_Abort
                0x08000e9c       0x76 ./Drivers/STM32F1xx_HAL_Driver/Src/stm32f1xx_hal_dma.o
                0x08000e9c                HAL_DMA_Abort
 *fill*         0x08000f12        0x2 
 .text.HAL_DMA_Abort_IT
                0x08000f14       0xf0 ./Drivers/STM32F1xx_HAL_Driver/Src/stm32f1xx_hal_dma.o
                0x08000f14                HAL_DMA_Abort_IT
 .text.HAL_DMA_IRQHandler
                0x08001004      0x20c ./Drivers/STM32F1xx_HAL_Driver/Src/stm32f1xx_hal_dma.o
                0x08001004                HAL_DMA_IRQHandler
 .text.DMA_SetConfig
                0x08001210       0x5a ./Drivers/STM32F1xx_HAL_Driver/Src/stm32f1xx_hal_dma.o
 *fill*         0x0800126a        0x2 
 .text.HAL_GPIO_Init
                0x0800126c      0x308 ./Drivers/STM32F1xx_HAL_Driver/Src/stm32f1xx_hal_gpio.o
                0x0800126c                HAL_GPIO_Init
 .text.HAL_GPIO_WritePin
                0x08001574       0x30 ./Drivers/STM32F1xx_HAL_Driver/Src/stm32f1xx_hal_gpio.o
                0x08001574                HAL_GPIO_WritePin
 .text.HAL_RCC_OscConfig
                0x080015a4      0x504 ./Drivers/STM32F1xx_HAL_Driver/Src/stm32f1xx_hal_rcc.o
                0x080015a4                HAL_RCC_OscConfig
 .text.HAL_RCC_ClockConfig
                0x08001aa8      0x1d4 ./Drivers/STM32F1xx_HAL_Driver/Src/stm32f1xx_hal_rcc.o
                0x08001aa8                HAL_RCC_ClockConfig
 .text.HAL_RCC_GetSysClockFreq
                0x08001c7c       0xa8 ./Drivers/STM32F1xx_HAL_Driver/Src/stm32f1xx_hal_rcc.o
                0x08001c7c                HAL_RCC_GetSysClockFreq
 .text.HAL_RCC_GetHCLKFreq
                0x08001d24       0x14 ./Drivers/STM32F1xx_HAL_Driver/Src/stm32f1xx_hal_rcc.o
                0x08001d24                HAL_RCC_GetHCLKFreq
 .text.HAL_RCC_GetPCLK1Freq
                0x08001d38       0x28 ./Drivers/STM32F1xx_HAL_Driver/Src/stm32f1xx_hal_rcc.o
                0x08001d38                HAL_RCC_GetPCLK1Freq
 .text.HAL_RCC_GetPCLK2Freq
                0x08001d60       0x28 ./Drivers/STM32F1xx_HAL_Driver/Src/stm32f1xx_hal_rcc.o
                0x08001d60                HAL_RCC_GetPCLK2Freq
 .text.RCC_Delay
                0x08001d88       0x3c ./Drivers/STM32F1xx_HAL_Driver/Src/stm32f1xx_hal_rcc.o
 .text.HAL_TIM_Base_Init
                0x08001dc4       0x9e ./Drivers/STM32F1xx_HAL_Driver/Src/stm32f1xx_hal_tim.o
                0x08001dc4                HAL_TIM_Base_Init
 *fill*         0x08001e62        0x2 
 .text.HAL_TIM_Base_Start_IT
                0x08001e64       0xa4 ./Drivers/STM32F1xx_HAL_Driver/Src/stm32f1xx_hal_tim.o
                0x08001e64                HAL_TIM_Base_Start_IT
 .text.HAL_TIM_PWM_Init
                0x08001f08       0x9e ./Drivers/STM32F1xx_HAL_Driver/Src/stm32f1xx_hal_tim.o
                0x08001f08                HAL_TIM_PWM_Init
 .text.HAL_TIM_PWM_MspInit
                0x08001fa6       0x12 ./Drivers/STM32F1xx_HAL_Driver/Src/stm32f1xx_hal_tim.o
                0x08001fa6                HAL_TIM_PWM_MspInit
 .text.HAL_TIM_PWM_Start
                0x08001fb8      0x144 ./Drivers/STM32F1xx_HAL_Driver/Src/stm32f1xx_hal_tim.o
                0x08001fb8                HAL_TIM_PWM_Start
 .text.HAL_TIM_IRQHandler
                0x080020fc      0x1e0 ./Drivers/STM32F1xx_HAL_Driver/Src/stm32f1xx_hal_tim.o
                0x080020fc                HAL_TIM_IRQHandler
 .text.HAL_TIM_PWM_ConfigChannel
                0x080022dc      0x184 ./Drivers/STM32F1xx_HAL_Driver/Src/stm32f1xx_hal_tim.o
                0x080022dc                HAL_TIM_PWM_ConfigChannel
 .text.HAL_TIM_ConfigClockSource
                0x08002460      0x18e ./Drivers/STM32F1xx_HAL_Driver/Src/stm32f1xx_hal_tim.o
                0x08002460                HAL_TIM_ConfigClockSource
 .text.HAL_TIM_OC_DelayElapsedCallback
                0x080025ee       0x12 ./Drivers/STM32F1xx_HAL_Driver/Src/stm32f1xx_hal_tim.o
                0x080025ee                HAL_TIM_OC_DelayElapsedCallback
 .text.HAL_TIM_IC_CaptureCallback
                0x08002600       0x12 ./Drivers/STM32F1xx_HAL_Driver/Src/stm32f1xx_hal_tim.o
                0x08002600                HAL_TIM_IC_CaptureCallback
 .text.HAL_TIM_PWM_PulseFinishedCallback
                0x08002612       0x12 ./Drivers/STM32F1xx_HAL_Driver/Src/stm32f1xx_hal_tim.o
                0x08002612                HAL_TIM_PWM_PulseFinishedCallback
 .text.HAL_TIM_TriggerCallback
                0x08002624       0x12 ./Drivers/STM32F1xx_HAL_Driver/Src/stm32f1xx_hal_tim.o
                0x08002624                HAL_TIM_TriggerCallback
 *fill*         0x08002636        0x2 
 .text.TIM_Base_SetConfig
                0x08002638       0xdc ./Drivers/STM32F1xx_HAL_Driver/Src/stm32f1xx_hal_tim.o
                0x08002638                TIM_Base_SetConfig
 .text.TIM_OC1_SetConfig
                0x08002714       0xcc ./Drivers/STM32F1xx_HAL_Driver/Src/stm32f1xx_hal_tim.o
 .text.TIM_OC2_SetConfig
                0x080027e0       0xd4 ./Drivers/STM32F1xx_HAL_Driver/Src/stm32f1xx_hal_tim.o
                0x080027e0                TIM_OC2_SetConfig
 .text.TIM_OC3_SetConfig
                0x080028b4       0xd4 ./Drivers/STM32F1xx_HAL_Driver/Src/stm32f1xx_hal_tim.o
 .text.TIM_OC4_SetConfig
                0x08002988       0x9c ./Drivers/STM32F1xx_HAL_Driver/Src/stm32f1xx_hal_tim.o
 .text.TIM_TI1_ConfigInputStage
                0x08002a24       0x5c ./Drivers/STM32F1xx_HAL_Driver/Src/stm32f1xx_hal_tim.o
 .text.TIM_TI2_ConfigInputStage
                0x08002a80       0x5e ./Drivers/STM32F1xx_HAL_Driver/Src/stm32f1xx_hal_tim.o
 .text.TIM_ITRx_SetConfig
                0x08002ade       0x34 ./Drivers/STM32F1xx_HAL_Driver/Src/stm32f1xx_hal_tim.o
 .text.TIM_ETR_SetConfig
                0x08002b12       0x3e ./Drivers/STM32F1xx_HAL_Driver/Src/stm32f1xx_hal_tim.o
                0x08002b12                TIM_ETR_SetConfig
 .text.TIM_CCxChannelCmd
                0x08002b50       0x48 ./Drivers/STM32F1xx_HAL_Driver/Src/stm32f1xx_hal_tim.o
                0x08002b50                TIM_CCxChannelCmd
 .text.HAL_TIMEx_MasterConfigSynchronization
                0x08002b98       0xbc ./Drivers/STM32F1xx_HAL_Driver/Src/stm32f1xx_hal_tim_ex.o
                0x08002b98                HAL_TIMEx_MasterConfigSynchronization
 .text.HAL_TIMEx_CommutCallback
                0x08002c54       0x12 ./Drivers/STM32F1xx_HAL_Driver/Src/stm32f1xx_hal_tim_ex.o
                0x08002c54                HAL_TIMEx_CommutCallback
 .text.HAL_TIMEx_BreakCallback
                0x08002c66       0x12 ./Drivers/STM32F1xx_HAL_Driver/Src/stm32f1xx_hal_tim_ex.o
                0x08002c66                HAL_TIMEx_BreakCallback
 .text.HAL_UART_Init
                0x08002c78       0xa0 ./Drivers/STM32F1xx_HAL_Driver/Src/stm32f1xx_hal_uart.o
                0x08002c78                HAL_UART_Init
 .text.HAL_UART_Transmit_DMA
                0x08002d18       0xe0 ./Drivers/STM32F1xx_HAL_Driver/Src/stm32f1xx_hal_uart.o
                0x08002d18                HAL_UART_Transmit_DMA
 .text.HAL_UART_Receive_DMA
                0x08002df8       0x4a ./Drivers/STM32F1xx_HAL_Driver/Src/stm32f1xx_hal_uart.o
                0x08002df8                HAL_UART_Receive_DMA
 *fill*         0x08002e42        0x2 
 .text.HAL_UART_IRQHandler
                0x08002e44      0x524 ./Drivers/STM32F1xx_HAL_Driver/Src/stm32f1xx_hal_uart.o
                0x08002e44                HAL_UART_IRQHandler
 .text.HAL_UART_TxHalfCpltCallback
                0x08003368       0x12 ./Drivers/STM32F1xx_HAL_Driver/Src/stm32f1xx_hal_uart.o
                0x08003368                HAL_UART_TxHalfCpltCallback
 .text.HAL_UART_RxHalfCpltCallback
                0x0800337a       0x12 ./Drivers/STM32F1xx_HAL_Driver/Src/stm32f1xx_hal_uart.o
                0x0800337a                HAL_UART_RxHalfCpltCallback
 .text.HAL_UART_ErrorCallback
                0x0800338c       0x12 ./Drivers/STM32F1xx_HAL_Driver/Src/stm32f1xx_hal_uart.o
                0x0800338c                HAL_UART_ErrorCallback
 .text.HAL_UARTEx_RxEventCallback
                0x0800339e       0x16 ./Drivers/STM32F1xx_HAL_Driver/Src/stm32f1xx_hal_uart.o
                0x0800339e                HAL_UARTEx_RxEventCallback
 .text.UART_DMATransmitCplt
                0x080033b4       0x9a ./Drivers/STM32F1xx_HAL_Driver/Src/stm32f1xx_hal_uart.o
 .text.UART_DMATxHalfCplt
                0x0800344e       0x1c ./Drivers/STM32F1xx_HAL_Driver/Src/stm32f1xx_hal_uart.o
 .text.UART_DMAReceiveCplt
                0x0800346a      0x12c ./Drivers/STM32F1xx_HAL_Driver/Src/stm32f1xx_hal_uart.o
 .text.UART_DMARxHalfCplt
                0x08003596       0x3c ./Drivers/STM32F1xx_HAL_Driver/Src/stm32f1xx_hal_uart.o
 .text.UART_DMAError
                0x080035d2       0x94 ./Drivers/STM32F1xx_HAL_Driver/Src/stm32f1xx_hal_uart.o
 *fill*         0x08003666        0x2 
 .text.UART_Start_Receive_DMA
                0x08003668      0x134 ./Drivers/STM32F1xx_HAL_Driver/Src/stm32f1xx_hal_uart.o
                0x08003668                UART_Start_Receive_DMA
 .text.UART_EndTxTransfer
                0x0800379c       0x4e ./Drivers/STM32F1xx_HAL_Driver/Src/stm32f1xx_hal_uart.o
 .text.UART_EndRxTransfer
                0x080037ea       0xc4 ./Drivers/STM32F1xx_HAL_Driver/Src/stm32f1xx_hal_uart.o
 .text.UART_DMAAbortOnError
                0x080038ae       0x28 ./Drivers/STM32F1xx_HAL_Driver/Src/stm32f1xx_hal_uart.o
 .text.UART_Transmit_IT
                0x080038d6       0x9e ./Drivers/STM32F1xx_HAL_Driver/Src/stm32f1xx_hal_uart.o
 .text.UART_EndTransmit_IT
                0x08003974       0x30 ./Drivers/STM32F1xx_HAL_Driver/Src/stm32f1xx_hal_uart.o
 .text.UART_Receive_IT
                0x080039a4      0x17c ./Drivers/STM32F1xx_HAL_Driver/Src/stm32f1xx_hal_uart.o
 .text.UART_SetConfig
                0x08003b20      0x11c ./Drivers/STM32F1xx_HAL_Driver/Src/stm32f1xx_hal_uart.o
 .text.memset   0x08003c3c       0x10 D:/software/stm32cube/stm32/STM32CubeIDE_1.16.1/STM32CubeIDE_1.18.1/STM32CubeIDE/plugins/com.st.stm32cube.ide.mcu.externaltools.gnu-tools-for-stm32.13.3.rel1.win32_1.0.0.202411081344/tools/bin/../lib/gcc/arm-none-eabi/13.3.1/../../../../arm-none-eabi/lib/thumb/v7-m/nofp\libc_nano.a(libc_a-memset.o)
                0x08003c3c                memset
 .text.__libc_init_array
                0x08003c4c       0x48 D:/software/stm32cube/stm32/STM32CubeIDE_1.16.1/STM32CubeIDE_1.18.1/STM32CubeIDE/plugins/com.st.stm32cube.ide.mcu.externaltools.gnu-tools-for-stm32.13.3.rel1.win32_1.0.0.202411081344/tools/bin/../lib/gcc/arm-none-eabi/13.3.1/../../../../arm-none-eabi/lib/thumb/v7-m/nofp\libc_nano.a(libc_a-init.o)
                0x08003c4c                __libc_init_array
 *(.glue_7)
 .glue_7        0x08003c94        0x0 linker stubs
 *(.glue_7t)
 .glue_7t       0x08003c94        0x0 linker stubs
 *(.eh_frame)
 .eh_frame      0x08003c94        0x0 D:/software/stm32cube/stm32/STM32CubeIDE_1.16.1/STM32CubeIDE_1.18.1/STM32CubeIDE/plugins/com.st.stm32cube.ide.mcu.externaltools.gnu-tools-for-stm32.13.3.rel1.win32_1.0.0.202411081344/tools/bin/../lib/gcc/arm-none-eabi/13.3.1/thumb/v7-m/nofp/crtbegin.o
 *(.init)
 .init          0x08003c94        0x4 D:/software/stm32cube/stm32/STM32CubeIDE_1.16.1/STM32CubeIDE_1.18.1/STM32CubeIDE/plugins/com.st.stm32cube.ide.mcu.externaltools.gnu-tools-for-stm32.13.3.rel1.win32_1.0.0.202411081344/tools/bin/../lib/gcc/arm-none-eabi/13.3.1/thumb/v7-m/nofp/crti.o
                0x08003c94                _init
 .init          0x08003c98        0x8 D:/software/stm32cube/stm32/STM32CubeIDE_1.16.1/STM32CubeIDE_1.18.1/STM32CubeIDE/plugins/com.st.stm32cube.ide.mcu.externaltools.gnu-tools-for-stm32.13.3.rel1.win32_1.0.0.202411081344/tools/bin/../lib/gcc/arm-none-eabi/13.3.1/thumb/v7-m/nofp/crtn.o
 *(.fini)
 .fini          0x08003ca0        0x4 D:/software/stm32cube/stm32/STM32CubeIDE_1.16.1/STM32CubeIDE_1.18.1/STM32CubeIDE/plugins/com.st.stm32cube.ide.mcu.externaltools.gnu-tools-for-stm32.13.3.rel1.win32_1.0.0.202411081344/tools/bin/../lib/gcc/arm-none-eabi/13.3.1/thumb/v7-m/nofp/crti.o
                0x08003ca0                _fini
 .fini          0x08003ca4        0x8 D:/software/stm32cube/stm32/STM32CubeIDE_1.16.1/STM32CubeIDE_1.18.1/STM32CubeIDE/plugins/com.st.stm32cube.ide.mcu.externaltools.gnu-tools-for-stm32.13.3.rel1.win32_1.0.0.202411081344/tools/bin/../lib/gcc/arm-none-eabi/13.3.1/thumb/v7-m/nofp/crtn.o
                0x08003cac                        . = ALIGN (0x4)
                0x08003cac                        _etext = .

.vfp11_veneer   0x08003cac        0x0
 .vfp11_veneer  0x08003cac        0x0 linker stubs

.v4_bx          0x08003cac        0x0
 .v4_bx         0x08003cac        0x0 linker stubs

.iplt           0x08003cac        0x0
 .iplt          0x08003cac        0x0 D:/software/stm32cube/stm32/STM32CubeIDE_1.16.1/STM32CubeIDE_1.18.1/STM32CubeIDE/plugins/com.st.stm32cube.ide.mcu.externaltools.gnu-tools-for-stm32.13.3.rel1.win32_1.0.0.202411081344/tools/bin/../lib/gcc/arm-none-eabi/13.3.1/thumb/v7-m/nofp/crtbegin.o

.rodata         0x08003cac       0x2c
                0x08003cac                        . = ALIGN (0x4)
 *(.rodata)
 *(.rodata*)
 .rodata.AHBPrescTable
                0x08003cac       0x10 ./Core/Src/system_stm32f1xx.o
                0x08003cac                AHBPrescTable
 .rodata.APBPrescTable
                0x08003cbc        0x8 ./Core/Src/system_stm32f1xx.o
                0x08003cbc                APBPrescTable
 .rodata.aPLLMULFactorTable.1
                0x08003cc4       0x10 ./Drivers/STM32F1xx_HAL_Driver/Src/stm32f1xx_hal_rcc.o
 .rodata.aPredivFactorTable.0
                0x08003cd4        0x2 ./Drivers/STM32F1xx_HAL_Driver/Src/stm32f1xx_hal_rcc.o
                0x08003cd8                        . = ALIGN (0x4)
 *fill*         0x08003cd6        0x2 

.ARM.extab      0x08003cd8        0x0
                0x08003cd8                        . = ALIGN (0x4)
 *(.ARM.extab* .gnu.linkonce.armextab.*)
                0x08003cd8                        . = ALIGN (0x4)

.ARM            0x08003cd8        0x0
                0x08003cd8                        . = ALIGN (0x4)
                0x08003cd8                        __exidx_start = .
 *(.ARM.exidx*)
                0x08003cd8                        __exidx_end = .
                0x08003cd8                        . = ALIGN (0x4)

.preinit_array  0x08003cd8        0x0
                0x08003cd8                        . = ALIGN (0x4)
                0x08003cd8                        PROVIDE (__preinit_array_start = .)
 *(.preinit_array*)
                0x08003cd8                        PROVIDE (__preinit_array_end = .)
                0x08003cd8                        . = ALIGN (0x4)

.init_array     0x08003cd8        0x4
                0x08003cd8                        . = ALIGN (0x4)
                0x08003cd8                        PROVIDE (__init_array_start = .)
 *(SORT_BY_NAME(.init_array.*))
 *(.init_array*)
 .init_array    0x08003cd8        0x4 D:/software/stm32cube/stm32/STM32CubeIDE_1.16.1/STM32CubeIDE_1.18.1/STM32CubeIDE/plugins/com.st.stm32cube.ide.mcu.externaltools.gnu-tools-for-stm32.13.3.rel1.win32_1.0.0.202411081344/tools/bin/../lib/gcc/arm-none-eabi/13.3.1/thumb/v7-m/nofp/crtbegin.o
                0x08003cdc                        PROVIDE (__init_array_end = .)
                0x08003cdc                        . = ALIGN (0x4)

.fini_array     0x08003cdc        0x4
                0x08003cdc                        . = ALIGN (0x4)
                [!provide]                        PROVIDE (__fini_array_start = .)
 *(SORT_BY_NAME(.fini_array.*))
 *(.fini_array*)
 .fini_array    0x08003cdc        0x4 D:/software/stm32cube/stm32/STM32CubeIDE_1.16.1/STM32CubeIDE_1.18.1/STM32CubeIDE/plugins/com.st.stm32cube.ide.mcu.externaltools.gnu-tools-for-stm32.13.3.rel1.win32_1.0.0.202411081344/tools/bin/../lib/gcc/arm-none-eabi/13.3.1/thumb/v7-m/nofp/crtbegin.o
                [!provide]                        PROVIDE (__fini_array_end = .)
                0x08003ce0                        . = ALIGN (0x4)
                0x08003ce0                        _sidata = LOADADDR (.data)

.rel.dyn        0x08003ce0        0x0
 .rel.iplt      0x08003ce0        0x0 D:/software/stm32cube/stm32/STM32CubeIDE_1.16.1/STM32CubeIDE_1.18.1/STM32CubeIDE/plugins/com.st.stm32cube.ide.mcu.externaltools.gnu-tools-for-stm32.13.3.rel1.win32_1.0.0.202411081344/tools/bin/../lib/gcc/arm-none-eabi/13.3.1/thumb/v7-m/nofp/crtbegin.o

.data           0x20000000        0xc load address 0x08003ce0
                0x20000000                        . = ALIGN (0x4)
                0x20000000                        _sdata = .
 *(.data)
 *(.data*)
 .data.SystemCoreClock
                0x20000000        0x4 ./Core/Src/system_stm32f1xx.o
                0x20000000                SystemCoreClock
 .data.uwTickPrio
                0x20000004        0x4 ./Drivers/STM32F1xx_HAL_Driver/Src/stm32f1xx_hal.o
                0x20000004                uwTickPrio
 .data.uwTickFreq
                0x20000008        0x1 ./Drivers/STM32F1xx_HAL_Driver/Src/stm32f1xx_hal.o
                0x20000008                uwTickFreq
 *(.RamFunc)
 *(.RamFunc*)
                0x2000000c                        . = ALIGN (0x4)
 *fill*         0x20000009        0x3 
                0x2000000c                        _edata = .

.igot.plt       0x2000000c        0x0 load address 0x08003cec
 .igot.plt      0x2000000c        0x0 D:/software/stm32cube/stm32/STM32CubeIDE_1.16.1/STM32CubeIDE_1.18.1/STM32CubeIDE/plugins/com.st.stm32cube.ide.mcu.externaltools.gnu-tools-for-stm32.13.3.rel1.win32_1.0.0.202411081344/tools/bin/../lib/gcc/arm-none-eabi/13.3.1/thumb/v7-m/nofp/crtbegin.o
                0x2000000c                        . = ALIGN (0x4)

.bss            0x2000000c      0x280 load address 0x08003cec
                0x2000000c                        _sbss = .
                0x2000000c                        __bss_start__ = _sbss
 *(.bss)
 .bss           0x2000000c       0x1c D:/software/stm32cube/stm32/STM32CubeIDE_1.16.1/STM32CubeIDE_1.18.1/STM32CubeIDE/plugins/com.st.stm32cube.ide.mcu.externaltools.gnu-tools-for-stm32.13.3.rel1.win32_1.0.0.202411081344/tools/bin/../lib/gcc/arm-none-eabi/13.3.1/thumb/v7-m/nofp/crtbegin.o
 *(.bss*)
 .bss.Rx_buf    0x20000028       0xff ./Core/Src/serial.o
                0x20000028                Rx_buf
 *fill*         0x20000127        0x1 
 .bss.htim2     0x20000128       0x48 ./Core/Src/tim.o
                0x20000128                htim2
 .bss.htim3     0x20000170       0x48 ./Core/Src/tim.o
                0x20000170                htim3
 .bss.huart1    0x200001b8       0x48 ./Core/Src/usart.o
                0x200001b8                huart1
 .bss.hdma_usart1_tx
                0x20000200       0x44 ./Core/Src/usart.o
                0x20000200                hdma_usart1_tx
 .bss.hdma_usart1_rx
                0x20000244       0x44 ./Core/Src/usart.o
                0x20000244                hdma_usart1_rx
 .bss.uwTick    0x20000288        0x4 ./Drivers/STM32F1xx_HAL_Driver/Src/stm32f1xx_hal.o
                0x20000288                uwTick
 *(COMMON)
                0x2000028c                        . = ALIGN (0x4)
                0x2000028c                        _ebss = .
                0x2000028c                        __bss_end__ = _ebss

._user_heap_stack
                0x2000028c      0x604 load address 0x08003cec
                0x20000290                        . = ALIGN (0x8)
 *fill*         0x2000028c        0x4 
                [!provide]                        PROVIDE (end = .)
                0x20000290                        PROVIDE (_end = .)
                0x20000490                        . = (. + _Min_Heap_Size)
 *fill*         0x20000290      0x200 
                0x20000890                        . = (. + _Min_Stack_Size)
 *fill*         0x20000490      0x400 
                0x20000890                        . = ALIGN (0x8)

/DISCARD/
 libc.a(*)
 libm.a(*)
 libgcc.a(*)

.ARM.attributes
                0x00000000       0x29
 *(.ARM.attributes)
 .ARM.attributes
                0x00000000       0x1d D:/software/stm32cube/stm32/STM32CubeIDE_1.16.1/STM32CubeIDE_1.18.1/STM32CubeIDE/plugins/com.st.stm32cube.ide.mcu.externaltools.gnu-tools-for-stm32.13.3.rel1.win32_1.0.0.202411081344/tools/bin/../lib/gcc/arm-none-eabi/13.3.1/thumb/v7-m/nofp/crti.o
 .ARM.attributes
                0x0000001d       0x2d D:/software/stm32cube/stm32/STM32CubeIDE_1.16.1/STM32CubeIDE_1.18.1/STM32CubeIDE/plugins/com.st.stm32cube.ide.mcu.externaltools.gnu-tools-for-stm32.13.3.rel1.win32_1.0.0.202411081344/tools/bin/../lib/gcc/arm-none-eabi/13.3.1/thumb/v7-m/nofp/crtbegin.o
 .ARM.attributes
                0x0000004a       0x2d ./Core/Src/dma.o
 .ARM.attributes
                0x00000077       0x2d ./Core/Src/gpio.o
 .ARM.attributes
                0x000000a4       0x2d ./Core/Src/main.o
 .ARM.attributes
                0x000000d1       0x2d ./Core/Src/serial.o
 .ARM.attributes
                0x000000fe       0x2d ./Core/Src/servo_pwm.o
 .ARM.attributes
                0x0000012b       0x2d ./Core/Src/stm32f1xx_hal_msp.o
 .ARM.attributes
                0x00000158       0x2d ./Core/Src/stm32f1xx_it.o
 .ARM.attributes
                0x00000185       0x2d ./Core/Src/system_stm32f1xx.o
 .ARM.attributes
                0x000001b2       0x2d ./Core/Src/tim.o
 .ARM.attributes
                0x000001df       0x2d ./Core/Src/usart.o
 .ARM.attributes
                0x0000020c       0x21 ./Core/Startup/startup_stm32f103c8tx.o
 .ARM.attributes
                0x0000022d       0x2d ./Drivers/STM32F1xx_HAL_Driver/Src/stm32f1xx_hal.o
 .ARM.attributes
                0x0000025a       0x2d ./Drivers/STM32F1xx_HAL_Driver/Src/stm32f1xx_hal_cortex.o
 .ARM.attributes
                0x00000287       0x2d ./Drivers/STM32F1xx_HAL_Driver/Src/stm32f1xx_hal_dma.o
 .ARM.attributes
                0x000002b4       0x2d ./Drivers/STM32F1xx_HAL_Driver/Src/stm32f1xx_hal_gpio.o
 .ARM.attributes
                0x000002e1       0x2d ./Drivers/STM32F1xx_HAL_Driver/Src/stm32f1xx_hal_rcc.o
 .ARM.attributes
                0x0000030e       0x2d ./Drivers/STM32F1xx_HAL_Driver/Src/stm32f1xx_hal_tim.o
 .ARM.attributes
                0x0000033b       0x2d ./Drivers/STM32F1xx_HAL_Driver/Src/stm32f1xx_hal_tim_ex.o
 .ARM.attributes
                0x00000368       0x2d ./Drivers/STM32F1xx_HAL_Driver/Src/stm32f1xx_hal_uart.o
 .ARM.attributes
                0x00000395       0x2d D:/software/stm32cube/stm32/STM32CubeIDE_1.16.1/STM32CubeIDE_1.18.1/STM32CubeIDE/plugins/com.st.stm32cube.ide.mcu.externaltools.gnu-tools-for-stm32.13.3.rel1.win32_1.0.0.202411081344/tools/bin/../lib/gcc/arm-none-eabi/13.3.1/../../../../arm-none-eabi/lib/thumb/v7-m/nofp\libc_nano.a(libc_a-memset.o)
 .ARM.attributes
                0x000003c2       0x2d D:/software/stm32cube/stm32/STM32CubeIDE_1.16.1/STM32CubeIDE_1.18.1/STM32CubeIDE/plugins/com.st.stm32cube.ide.mcu.externaltools.gnu-tools-for-stm32.13.3.rel1.win32_1.0.0.202411081344/tools/bin/../lib/gcc/arm-none-eabi/13.3.1/../../../../arm-none-eabi/lib/thumb/v7-m/nofp\libc_nano.a(libc_a-init.o)
 .ARM.attributes
                0x000003ef       0x1d D:/software/stm32cube/stm32/STM32CubeIDE_1.16.1/STM32CubeIDE_1.18.1/STM32CubeIDE/plugins/com.st.stm32cube.ide.mcu.externaltools.gnu-tools-for-stm32.13.3.rel1.win32_1.0.0.202411081344/tools/bin/../lib/gcc/arm-none-eabi/13.3.1/thumb/v7-m/nofp/crtn.o
OUTPUT(car.elf elf32-littlearm)
LOAD linker stubs
LOAD D:/software/stm32cube/stm32/STM32CubeIDE_1.16.1/STM32CubeIDE_1.18.1/STM32CubeIDE/plugins/com.st.stm32cube.ide.mcu.externaltools.gnu-tools-for-stm32.13.3.rel1.win32_1.0.0.202411081344/tools/bin/../lib/gcc/arm-none-eabi/13.3.1/../../../../arm-none-eabi/lib/thumb/v7-m/nofp\libc.a
LOAD D:/software/stm32cube/stm32/STM32CubeIDE_1.16.1/STM32CubeIDE_1.18.1/STM32CubeIDE/plugins/com.st.stm32cube.ide.mcu.externaltools.gnu-tools-for-stm32.13.3.rel1.win32_1.0.0.202411081344/tools/bin/../lib/gcc/arm-none-eabi/13.3.1/../../../../arm-none-eabi/lib/thumb/v7-m/nofp\libm.a
LOAD D:/software/stm32cube/stm32/STM32CubeIDE_1.16.1/STM32CubeIDE_1.18.1/STM32CubeIDE/plugins/com.st.stm32cube.ide.mcu.externaltools.gnu-tools-for-stm32.13.3.rel1.win32_1.0.0.202411081344/tools/bin/../lib/gcc/arm-none-eabi/13.3.1/thumb/v7-m/nofp\libgcc.a

.debug_info     0x00000000     0xd575
 .debug_info    0x00000000      0x2cf ./Core/Src/dma.o
 .debug_info    0x000002cf      0x2d3 ./Core/Src/gpio.o
 .debug_info    0x000005a2      0xbe2 ./Core/Src/main.o
 .debug_info    0x00001184      0x688 ./Core/Src/serial.o
 .debug_info    0x0000180c      0x61a ./Core/Src/servo_pwm.o
 .debug_info    0x00001e26      0x1f1 ./Core/Src/stm32f1xx_hal_msp.o
 .debug_info    0x00002017      0x9b2 ./Core/Src/stm32f1xx_it.o
 .debug_info    0x000029c9      0x222 ./Core/Src/system_stm32f1xx.o
 .debug_info    0x00002beb      0xc10 ./Core/Src/tim.o
 .debug_info    0x000037fb      0xa8c ./Core/Src/usart.o
 .debug_info    0x00004287       0x30 ./Core/Startup/startup_stm32f103c8tx.o
 .debug_info    0x000042b7      0x704 ./Drivers/STM32F1xx_HAL_Driver/Src/stm32f1xx_hal.o
 .debug_info    0x000049bb      0xa87 ./Drivers/STM32F1xx_HAL_Driver/Src/stm32f1xx_hal_cortex.o
 .debug_info    0x00005442      0x6d2 ./Drivers/STM32F1xx_HAL_Driver/Src/stm32f1xx_hal_dma.o
 .debug_info    0x00005b14      0x5ab ./Drivers/STM32F1xx_HAL_Driver/Src/stm32f1xx_hal_gpio.o
 .debug_info    0x000060bf      0x7d5 ./Drivers/STM32F1xx_HAL_Driver/Src/stm32f1xx_hal_rcc.o
 .debug_info    0x00006894     0x2959 ./Drivers/STM32F1xx_HAL_Driver/Src/stm32f1xx_hal_tim.o
 .debug_info    0x000091ed     0x149b ./Drivers/STM32F1xx_HAL_Driver/Src/stm32f1xx_hal_tim_ex.o
 .debug_info    0x0000a688     0x2eed ./Drivers/STM32F1xx_HAL_Driver/Src/stm32f1xx_hal_uart.o

.debug_abbrev   0x00000000     0x23e4
 .debug_abbrev  0x00000000       0xfc ./Core/Src/dma.o
 .debug_abbrev  0x000000fc      0x13f ./Core/Src/gpio.o
 .debug_abbrev  0x0000023b      0x267 ./Core/Src/main.o
 .debug_abbrev  0x000004a2      0x1e8 ./Core/Src/serial.o
 .debug_abbrev  0x0000068a      0x15d ./Core/Src/servo_pwm.o
 .debug_abbrev  0x000007e7       0xdb ./Core/Src/stm32f1xx_hal_msp.o
 .debug_abbrev  0x000008c2      0x1b4 ./Core/Src/stm32f1xx_it.o
 .debug_abbrev  0x00000a76      0x13f ./Core/Src/system_stm32f1xx.o
 .debug_abbrev  0x00000bb5      0x243 ./Core/Src/tim.o
 .debug_abbrev  0x00000df8      0x256 ./Core/Src/usart.o
 .debug_abbrev  0x0000104e       0x24 ./Core/Startup/startup_stm32f103c8tx.o
 .debug_abbrev  0x00001072      0x201 ./Drivers/STM32F1xx_HAL_Driver/Src/stm32f1xx_hal.o
 .debug_abbrev  0x00001273      0x2f8 ./Drivers/STM32F1xx_HAL_Driver/Src/stm32f1xx_hal_cortex.o
 .debug_abbrev  0x0000156b      0x20b ./Drivers/STM32F1xx_HAL_Driver/Src/stm32f1xx_hal_dma.o
 .debug_abbrev  0x00001776      0x1ca ./Drivers/STM32F1xx_HAL_Driver/Src/stm32f1xx_hal_gpio.o
 .debug_abbrev  0x00001940      0x2b3 ./Drivers/STM32F1xx_HAL_Driver/Src/stm32f1xx_hal_rcc.o
 .debug_abbrev  0x00001bf3      0x277 ./Drivers/STM32F1xx_HAL_Driver/Src/stm32f1xx_hal_tim.o
 .debug_abbrev  0x00001e6a      0x282 ./Drivers/STM32F1xx_HAL_Driver/Src/stm32f1xx_hal_tim_ex.o
 .debug_abbrev  0x000020ec      0x2f8 ./Drivers/STM32F1xx_HAL_Driver/Src/stm32f1xx_hal_uart.o

.debug_aranges  0x00000000      0xcd0
 .debug_aranges
                0x00000000       0x20 ./Core/Src/dma.o
 .debug_aranges
                0x00000020       0x20 ./Core/Src/gpio.o
 .debug_aranges
                0x00000040       0x38 ./Core/Src/main.o
 .debug_aranges
                0x00000078       0x38 ./Core/Src/serial.o
 .debug_aranges
                0x000000b0       0x20 ./Core/Src/servo_pwm.o
 .debug_aranges
                0x000000d0       0x20 ./Core/Src/stm32f1xx_hal_msp.o
 .debug_aranges
                0x000000f0       0x88 ./Core/Src/stm32f1xx_it.o
 .debug_aranges
                0x00000178       0x28 ./Core/Src/system_stm32f1xx.o
 .debug_aranges
                0x000001a0       0x40 ./Core/Src/tim.o
 .debug_aranges
                0x000001e0       0x40 ./Core/Src/usart.o
 .debug_aranges
                0x00000220       0x28 ./Core/Startup/startup_stm32f103c8tx.o
 .debug_aranges
                0x00000248       0xe0 ./Drivers/STM32F1xx_HAL_Driver/Src/stm32f1xx_hal.o
 .debug_aranges
                0x00000328      0x100 ./Drivers/STM32F1xx_HAL_Driver/Src/stm32f1xx_hal_cortex.o
 .debug_aranges
                0x00000428       0x80 ./Drivers/STM32F1xx_HAL_Driver/Src/stm32f1xx_hal_dma.o
 .debug_aranges
                0x000004a8       0x58 ./Drivers/STM32F1xx_HAL_Driver/Src/stm32f1xx_hal_gpio.o
 .debug_aranges
                0x00000500       0x90 ./Drivers/STM32F1xx_HAL_Driver/Src/stm32f1xx_hal_rcc.o
 .debug_aranges
                0x00000590      0x3d0 ./Drivers/STM32F1xx_HAL_Driver/Src/stm32f1xx_hal_tim.o
 .debug_aranges
                0x00000960      0x168 ./Drivers/STM32F1xx_HAL_Driver/Src/stm32f1xx_hal_tim_ex.o
 .debug_aranges
                0x00000ac8      0x208 ./Drivers/STM32F1xx_HAL_Driver/Src/stm32f1xx_hal_uart.o

.debug_rnglists
                0x00000000      0x9ee
 .debug_rnglists
                0x00000000       0x13 ./Core/Src/dma.o
 .debug_rnglists
                0x00000013       0x14 ./Core/Src/gpio.o
 .debug_rnglists
                0x00000027       0x26 ./Core/Src/main.o
 .debug_rnglists
                0x0000004d       0x25 ./Core/Src/serial.o
 .debug_rnglists
                0x00000072       0x13 ./Core/Src/servo_pwm.o
 .debug_rnglists
                0x00000085       0x13 ./Core/Src/stm32f1xx_hal_msp.o
 .debug_rnglists
                0x00000098       0x61 ./Core/Src/stm32f1xx_it.o
 .debug_rnglists
                0x000000f9       0x1a ./Core/Src/system_stm32f1xx.o
 .debug_rnglists
                0x00000113       0x2e ./Core/Src/tim.o
 .debug_rnglists
                0x00000141       0x2c ./Core/Src/usart.o
 .debug_rnglists
                0x0000016d       0x19 ./Core/Startup/startup_stm32f103c8tx.o
 .debug_rnglists
                0x00000186       0xa3 ./Drivers/STM32F1xx_HAL_Driver/Src/stm32f1xx_hal.o
 .debug_rnglists
                0x00000229       0xbb ./Drivers/STM32F1xx_HAL_Driver/Src/stm32f1xx_hal_cortex.o
 .debug_rnglists
                0x000002e4       0x64 ./Drivers/STM32F1xx_HAL_Driver/Src/stm32f1xx_hal_dma.o
 .debug_rnglists
                0x00000348       0x3f ./Drivers/STM32F1xx_HAL_Driver/Src/stm32f1xx_hal_gpio.o
 .debug_rnglists
                0x00000387       0x6c ./Drivers/STM32F1xx_HAL_Driver/Src/stm32f1xx_hal_rcc.o
 .debug_rnglists
                0x000003f3      0x31a ./Drivers/STM32F1xx_HAL_Driver/Src/stm32f1xx_hal_tim.o
 .debug_rnglists
                0x0000070d      0x125 ./Drivers/STM32F1xx_HAL_Driver/Src/stm32f1xx_hal_tim_ex.o
 .debug_rnglists
                0x00000832      0x1bc ./Drivers/STM32F1xx_HAL_Driver/Src/stm32f1xx_hal_uart.o

.debug_macro    0x00000000    0x176d3
 .debug_macro   0x00000000      0x1bc ./Core/Src/dma.o
 .debug_macro   0x000001bc      0x221 ./Core/Src/dma.o
 .debug_macro   0x000003dd       0x2e ./Core/Src/dma.o
 .debug_macro   0x0000040b       0x22 ./Core/Src/dma.o
 .debug_macro   0x0000042d       0x22 ./Core/Src/dma.o
 .debug_macro   0x0000044f       0x8e ./Core/Src/dma.o
 .debug_macro   0x000004dd       0x51 ./Core/Src/dma.o
 .debug_macro   0x0000052e      0x103 ./Core/Src/dma.o
 .debug_macro   0x00000631       0x6a ./Core/Src/dma.o
 .debug_macro   0x0000069b      0x1df ./Core/Src/dma.o
 .debug_macro   0x0000087a       0x1c ./Core/Src/dma.o
 .debug_macro   0x00000896       0x22 ./Core/Src/dma.o
 .debug_macro   0x000008b8       0xbd ./Core/Src/dma.o
 .debug_macro   0x00000975      0xd23 ./Core/Src/dma.o
 .debug_macro   0x00001698     0xe09e ./Core/Src/dma.o
 .debug_macro   0x0000f736       0x6d ./Core/Src/dma.o
 .debug_macro   0x0000f7a3     0x34a2 ./Core/Src/dma.o
 .debug_macro   0x00012c45      0x190 ./Core/Src/dma.o
 .debug_macro   0x00012dd5       0x5c ./Core/Src/dma.o
 .debug_macro   0x00012e31      0x5bc ./Core/Src/dma.o
 .debug_macro   0x000133ed      0x289 ./Core/Src/dma.o
 .debug_macro   0x00013676      0x1cb ./Core/Src/dma.o
 .debug_macro   0x00013841      0x114 ./Core/Src/dma.o
 .debug_macro   0x00013955      0x1b2 ./Core/Src/dma.o
 .debug_macro   0x00013b07       0x27 ./Core/Src/dma.o
 .debug_macro   0x00013b2e      0x136 ./Core/Src/dma.o
 .debug_macro   0x00013c64      0x1bc ./Core/Src/dma.o
 .debug_macro   0x00013e20       0x34 ./Core/Src/dma.o
 .debug_macro   0x00013e54       0x3c ./Core/Src/dma.o
 .debug_macro   0x00013e90       0x57 ./Core/Src/dma.o
 .debug_macro   0x00013ee7       0x87 ./Core/Src/dma.o
 .debug_macro   0x00013f6e      0x240 ./Core/Src/dma.o
 .debug_macro   0x000141ae      0x140 ./Core/Src/dma.o
 .debug_macro   0x000142ee      0x8ed ./Core/Src/dma.o
 .debug_macro   0x00014bdb      0x28e ./Core/Src/dma.o
 .debug_macro   0x00014e69       0x83 ./Core/Src/dma.o
 .debug_macro   0x00014eec       0xc4 ./Core/Src/dma.o
 .debug_macro   0x00014fb0      0x1bc ./Core/Src/gpio.o
 .debug_macro   0x0001516c      0x1f2 ./Core/Src/main.o
 .debug_macro   0x0001535e      0x29e ./Core/Src/serial.o
 .debug_macro   0x000155fc       0xca ./Core/Src/serial.o
 .debug_macro   0x000156c6       0x61 ./Core/Src/serial.o
 .debug_macro   0x00015727       0x24 ./Core/Src/serial.o
 .debug_macro   0x0001574b       0x43 ./Core/Src/serial.o
 .debug_macro   0x0001578e       0x34 ./Core/Src/serial.o
 .debug_macro   0x000157c2      0x370 ./Core/Src/serial.o
 .debug_macro   0x00015b32       0x16 ./Core/Src/serial.o
 .debug_macro   0x00015b48       0x4a ./Core/Src/serial.o
 .debug_macro   0x00015b92       0x34 ./Core/Src/serial.o
 .debug_macro   0x00015bc6       0x10 ./Core/Src/serial.o
 .debug_macro   0x00015bd6       0x58 ./Core/Src/serial.o
 .debug_macro   0x00015c2e       0x8e ./Core/Src/serial.o
 .debug_macro   0x00015cbc       0x1c ./Core/Src/serial.o
 .debug_macro   0x00015cd8      0x185 ./Core/Src/serial.o
 .debug_macro   0x00015e5d       0x10 ./Core/Src/serial.o
 .debug_macro   0x00015e6d       0x3c ./Core/Src/serial.o
 .debug_macro   0x00015ea9       0x20 ./Core/Src/serial.o
 .debug_macro   0x00015ec9      0x1c0 ./Core/Src/servo_pwm.o
 .debug_macro   0x00016089      0x1b2 ./Core/Src/stm32f1xx_hal_msp.o
 .debug_macro   0x0001623b      0x1bc ./Core/Src/stm32f1xx_it.o
 .debug_macro   0x000163f7      0x1a3 ./Core/Src/system_stm32f1xx.o
 .debug_macro   0x0001659a      0x1bc ./Core/Src/tim.o
 .debug_macro   0x00016756      0x1c2 ./Core/Src/usart.o
 .debug_macro   0x00016918      0x1c7 ./Drivers/STM32F1xx_HAL_Driver/Src/stm32f1xx_hal.o
 .debug_macro   0x00016adf      0x1a3 ./Drivers/STM32F1xx_HAL_Driver/Src/stm32f1xx_hal_cortex.o
 .debug_macro   0x00016c82      0x1a3 ./Drivers/STM32F1xx_HAL_Driver/Src/stm32f1xx_hal_dma.o
 .debug_macro   0x00016e25      0x20e ./Drivers/STM32F1xx_HAL_Driver/Src/stm32f1xx_hal_gpio.o
 .debug_macro   0x00017033      0x1b5 ./Drivers/STM32F1xx_HAL_Driver/Src/stm32f1xx_hal_rcc.o
 .debug_macro   0x000171e8      0x1a4 ./Drivers/STM32F1xx_HAL_Driver/Src/stm32f1xx_hal_tim.o
 .debug_macro   0x0001738c      0x1a3 ./Drivers/STM32F1xx_HAL_Driver/Src/stm32f1xx_hal_tim_ex.o
 .debug_macro   0x0001752f      0x1a4 ./Drivers/STM32F1xx_HAL_Driver/Src/stm32f1xx_hal_uart.o

.debug_line     0x00000000     0xfc44
 .debug_line    0x00000000      0x712 ./Core/Src/dma.o
 .debug_line    0x00000712      0x778 ./Core/Src/gpio.o
 .debug_line    0x00000e8a      0x7e4 ./Core/Src/main.o
 .debug_line    0x0000166e      0x902 ./Core/Src/serial.o
 .debug_line    0x00001f70      0x723 ./Core/Src/servo_pwm.o
 .debug_line    0x00002693      0x715 ./Core/Src/stm32f1xx_hal_msp.o
 .debug_line    0x00002da8      0x83b ./Core/Src/stm32f1xx_it.o
 .debug_line    0x000035e3      0x793 ./Core/Src/system_stm32f1xx.o
 .debug_line    0x00003d76      0x863 ./Core/Src/tim.o
 .debug_line    0x000045d9      0x81b ./Core/Src/usart.o
 .debug_line    0x00004df4       0x78 ./Core/Startup/startup_stm32f103c8tx.o
 .debug_line    0x00004e6c      0x9c4 ./Drivers/STM32F1xx_HAL_Driver/Src/stm32f1xx_hal.o
 .debug_line    0x00005830      0xb8e ./Drivers/STM32F1xx_HAL_Driver/Src/stm32f1xx_hal_cortex.o
 .debug_line    0x000063be      0xdce ./Drivers/STM32F1xx_HAL_Driver/Src/stm32f1xx_hal_dma.o
 .debug_line    0x0000718c      0xa21 ./Drivers/STM32F1xx_HAL_Driver/Src/stm32f1xx_hal_gpio.o
 .debug_line    0x00007bad      0xe7d ./Drivers/STM32F1xx_HAL_Driver/Src/stm32f1xx_hal_rcc.o
 .debug_line    0x00008a2a     0x34b2 ./Drivers/STM32F1xx_HAL_Driver/Src/stm32f1xx_hal_tim.o
 .debug_line    0x0000bedc     0x1888 ./Drivers/STM32F1xx_HAL_Driver/Src/stm32f1xx_hal_tim_ex.o
 .debug_line    0x0000d764     0x24e0 ./Drivers/STM32F1xx_HAL_Driver/Src/stm32f1xx_hal_uart.o

.debug_str      0x00000000    0x89fbf
 .debug_str     0x00000000    0x89fbf ./Core/Src/dma.o
                              0x83d7a (size before relaxing)
 .debug_str     0x00089fbf    0x83b1c ./Core/Src/gpio.o
 .debug_str     0x00089fbf    0x843fd ./Core/Src/main.o
 .debug_str     0x00089fbf    0x87109 ./Core/Src/serial.o
 .debug_str     0x00089fbf    0x83f1a ./Core/Src/servo_pwm.o
 .debug_str     0x00089fbf    0x83aa4 ./Core/Src/stm32f1xx_hal_msp.o
 .debug_str     0x00089fbf    0x84273 ./Core/Src/stm32f1xx_it.o
 .debug_str     0x00089fbf    0x83781 ./Core/Src/system_stm32f1xx.o
 .debug_str     0x00089fbf    0x844eb ./Core/Src/tim.o
 .debug_str     0x00089fbf    0x8434e ./Core/Src/usart.o
 .debug_str     0x00089fbf       0x62 ./Core/Startup/startup_stm32f103c8tx.o
 .debug_str     0x00089fbf    0x83eb4 ./Drivers/STM32F1xx_HAL_Driver/Src/stm32f1xx_hal.o
 .debug_str     0x00089fbf    0x83e00 ./Drivers/STM32F1xx_HAL_Driver/Src/stm32f1xx_hal_cortex.o
 .debug_str     0x00089fbf    0x83b2a ./Drivers/STM32F1xx_HAL_Driver/Src/stm32f1xx_hal_dma.o
 .debug_str     0x00089fbf    0x83b07 ./Drivers/STM32F1xx_HAL_Driver/Src/stm32f1xx_hal_gpio.o
 .debug_str     0x00089fbf    0x83bb0 ./Drivers/STM32F1xx_HAL_Driver/Src/stm32f1xx_hal_rcc.o
 .debug_str     0x00089fbf    0x84bb2 ./Drivers/STM32F1xx_HAL_Driver/Src/stm32f1xx_hal_tim.o
 .debug_str     0x00089fbf    0x843be ./Drivers/STM32F1xx_HAL_Driver/Src/stm32f1xx_hal_tim_ex.o
 .debug_str     0x00089fbf    0x84221 ./Drivers/STM32F1xx_HAL_Driver/Src/stm32f1xx_hal_uart.o

.comment        0x00000000       0x43
 .comment       0x00000000       0x43 ./Core/Src/dma.o
                                 0x44 (size before relaxing)
 .comment       0x00000043       0x44 ./Core/Src/gpio.o
 .comment       0x00000043       0x44 ./Core/Src/main.o
 .comment       0x00000043       0x44 ./Core/Src/serial.o
 .comment       0x00000043       0x44 ./Core/Src/servo_pwm.o
 .comment       0x00000043       0x44 ./Core/Src/stm32f1xx_hal_msp.o
 .comment       0x00000043       0x44 ./Core/Src/stm32f1xx_it.o
 .comment       0x00000043       0x44 ./Core/Src/system_stm32f1xx.o
 .comment       0x00000043       0x44 ./Core/Src/tim.o
 .comment       0x00000043       0x44 ./Core/Src/usart.o
 .comment       0x00000043       0x44 ./Drivers/STM32F1xx_HAL_Driver/Src/stm32f1xx_hal.o
 .comment       0x00000043       0x44 ./Drivers/STM32F1xx_HAL_Driver/Src/stm32f1xx_hal_cortex.o
 .comment       0x00000043       0x44 ./Drivers/STM32F1xx_HAL_Driver/Src/stm32f1xx_hal_dma.o
 .comment       0x00000043       0x44 ./Drivers/STM32F1xx_HAL_Driver/Src/stm32f1xx_hal_gpio.o
 .comment       0x00000043       0x44 ./Drivers/STM32F1xx_HAL_Driver/Src/stm32f1xx_hal_rcc.o
 .comment       0x00000043       0x44 ./Drivers/STM32F1xx_HAL_Driver/Src/stm32f1xx_hal_tim.o
 .comment       0x00000043       0x44 ./Drivers/STM32F1xx_HAL_Driver/Src/stm32f1xx_hal_tim_ex.o
 .comment       0x00000043       0x44 ./Drivers/STM32F1xx_HAL_Driver/Src/stm32f1xx_hal_uart.o

.debug_frame    0x00000000     0x33b4
 .debug_frame   0x00000000       0x34 ./Core/Src/dma.o
 .debug_frame   0x00000034       0x34 ./Core/Src/gpio.o
 .debug_frame   0x00000068       0x90 ./Core/Src/main.o
 .debug_frame   0x000000f8       0x9c ./Core/Src/serial.o
 .debug_frame   0x00000194       0x38 ./Core/Src/servo_pwm.o
 .debug_frame   0x000001cc       0x38 ./Core/Src/stm32f1xx_hal_msp.o
 .debug_frame   0x00000204      0x190 ./Core/Src/stm32f1xx_it.o
 .debug_frame   0x00000394       0x58 ./Core/Src/system_stm32f1xx.o
 .debug_frame   0x000003ec       0xc4 ./Core/Src/tim.o
 .debug_frame   0x000004b0       0xbc ./Core/Src/usart.o
 .debug_frame   0x0000056c      0x334 ./Drivers/STM32F1xx_HAL_Driver/Src/stm32f1xx_hal.o
 .debug_frame   0x000008a0      0x428 ./Drivers/STM32F1xx_HAL_Driver/Src/stm32f1xx_hal_cortex.o
 .debug_frame   0x00000cc8      0x208 ./Drivers/STM32F1xx_HAL_Driver/Src/stm32f1xx_hal_dma.o
 .debug_frame   0x00000ed0      0x14c ./Drivers/STM32F1xx_HAL_Driver/Src/stm32f1xx_hal_gpio.o
 .debug_frame   0x0000101c      0x218 ./Drivers/STM32F1xx_HAL_Driver/Src/stm32f1xx_hal_rcc.o
 .debug_frame   0x00001234     0x11b8 ./Drivers/STM32F1xx_HAL_Driver/Src/stm32f1xx_hal_tim.o
 .debug_frame   0x000023ec      0x638 ./Drivers/STM32F1xx_HAL_Driver/Src/stm32f1xx_hal_tim_ex.o
 .debug_frame   0x00002a24      0x944 ./Drivers/STM32F1xx_HAL_Driver/Src/stm32f1xx_hal_uart.o
 .debug_frame   0x00003368       0x20 D:/software/stm32cube/stm32/STM32CubeIDE_1.16.1/STM32CubeIDE_1.18.1/STM32CubeIDE/plugins/com.st.stm32cube.ide.mcu.externaltools.gnu-tools-for-stm32.13.3.rel1.win32_1.0.0.202411081344/tools/bin/../lib/gcc/arm-none-eabi/13.3.1/../../../../arm-none-eabi/lib/thumb/v7-m/nofp\libc_nano.a(libc_a-memset.o)
 .debug_frame   0x00003388       0x2c D:/software/stm32cube/stm32/STM32CubeIDE_1.16.1/STM32CubeIDE_1.18.1/STM32CubeIDE/plugins/com.st.stm32cube.ide.mcu.externaltools.gnu-tools-for-stm32.13.3.rel1.win32_1.0.0.202411081344/tools/bin/../lib/gcc/arm-none-eabi/13.3.1/../../../../arm-none-eabi/lib/thumb/v7-m/nofp\libc_nano.a(libc_a-init.o)

.debug_line_str
                0x00000000       0x46
 .debug_line_str
                0x00000000       0x46 ./Core/Startup/startup_stm32f103c8tx.o
